# Test data for verifying that updating a config works

# string value (string)
string = foobar

# integer value (int)
integer = 404

# float value (float)
float = 3.14

# boolean value (bool)
boolean = true
